{
   "homepage": "http://www.cnn.com",
   "some_directory": "/usr/sbin/",
   "tabs": {
      "max_tabs": 10,
      "new_windows_in_tabs": false
   }
}
