NAME_FIRST
NAME_LAST
EMAIL_ADDRESS
EMAIL_ADDRESS
UNKNOWN_TYPE
UNKNOWN_TYPE
ADDRESS_HOME_COUNTRY
UNKNOWN_TYPE
CREDIT_CARD_NUMBER
CREDIT_CARD_NAME
UNKNOWN_TYPE
UNKNOWN_TYPE
UNKNOWN_TYPE
UNKNOWN_TYPE
