ADDRESS_HOME_STATE
UNKNOWN_TYPE
NAME_FIRST
NAME_MIDDLE_INITIAL
NAME_LAST
UNKNOWN_TYPE
UNKNOWN_TYPE
ADDRESS_BILLING_LINE1
ADDRESS_BILLING_LINE2
UNKNOWN_TYPE
COMPANY_NAME
ADDRESS_BILLING_STATE
ADDRESS_BILLING_ZIP
ADDRESS_BILLING_COUNTRY
PHONE_HOME_WHOLE_NUMBER
UNKNOWN_TYPE
PHONE_HOME_WHOLE_NUMBER
PHONE_HOME_WHOLE_NUMBER
UNKNOWN_TYPE
PHONE_HOME_WHOLE_NUMBER
ADDRESS_HOME_CITY
ADDRESS_HOME_LINE1
UNKNOWN_TYPE
UNKNOWN_TYPE
UNKNOWN_TYPE
UNKNOWN_TYPE
UNKNOWN_TYPE
