NAME_FIRST
NAME_LAST
ADDRESS_HOME_LINE1
ADDRESS_HOME_LINE2
ADDRESS_HOME_CITY
ADDRESS_HOME_STATE
ADDRESS_HOME_ZIP
ADDRESS_HOME_COUNTRY
PHONE_HOME_CITY_CODE
PHONE_HOME_NUMBER
PHONE_HOME_NUMBER
UNKNOWN_TYPE
EMAIL_ADDRESS
EMAIL_ADDRESS
UNKNOWN_TYPE
UNKNOWN_TYPE
UNKNOWN_TYPE
UNKNOWN_TYPE
UNKNOWN_TYPE
UNKNOWN_TYPE
UNKNOWN_TYPE
UNKNOWN_TYPE
UNKNOWN_TYPE
UNKNOWN_TYPE
