NAME_FIRST
NAME_LAST
UNKNOWN_TYPE
UNKNOWN_TYPE
UNKNOWN_TYPE
EMAIL_ADDRESS
UNKNOWN_TYPE
UNKNOWN_TYPE
UNKNOWN_TYPE
