UNKNOWN_TYPE
NAME_FIRST
NAME_LAST
UNKNOWN_TYPE
EMAIL_ADDRESS
