NAME_FIRST
NAME_LAST
ADDRESS_HOME_LINE1
ADDRESS_HOME_CITY
ADDRESS_HOME_STATE
ADDRESS_HOME_ZIP
ADDRESS_HOME_COUNTRY
PHONE_HOME_WHOLE_NUMBER
EMAIL_ADDRESS
UNKNOWN_TYPE
UNKNOWN_TYPE
