EMAIL_ADDRESS
EMAIL_ADDRESS
UNKNOWN_TYPE
PHONE_HOME_WHOLE_NUMBER
UNKNOWN_TYPE
NAME_FULL
COMPANY_NAME
ADDRESS_HOME_LINE1
ADDRESS_HOME_CITY
ADDRESS_HOME_STATE
ADDRESS_HOME_ZIP
ADDRESS_HOME_COUNTRY
UNKNOWN_TYPE
