EMAIL_ADDRESS
ADDRESS_HOME_COUNTRY
NAME_FIRST
NAME_LAST
ADDRESS_HOME_LINE1
ADDRESS_HOME_LINE2
UNKNOWN_TYPE
ADDRESS_HOME_CITY
ADDRESS_HOME_STATE
ADDRESS_HOME_ZIP
PHONE_HOME_WHOLE_NUMBER
UNKNOWN_TYPE
