EMAIL_ADDRESS
EMAIL_ADDRESS
UNKNOWN_TYPE
ADDRESS_HOME_ZIP
ADDRESS_HOME_STATE
