EMAIL_ADDRESS
EMAIL_ADDRESS
EMAIL_ADDRESS
EMAIL_ADDRESS
EMAIL_ADDRESS
EMAIL_ADDRESS
EMAIL_ADDRESS
EMAIL_ADDRESS
EMAIL_ADDRESS
EMAIL_ADDRESS
EMAIL_ADDRESS
