NAME_FIRST
NAME_LAST
ADDRESS_HOME_LINE1
ADDRESS_HOME_LINE2
ADDRESS_HOME_ZIP
EMAIL_ADDRESS
EMAIL_ADDRESS
UNKNOWN_TYPE
UNKNOWN_TYPE
UNKNOWN_TYPE
UNKNOWN_TYPE
EMAIL_ADDRESS
PHONE_HOME_NUMBER
PHONE_HOME_NUMBER
UNKNOWN_TYPE
UNKNOWN_TYPE
UNKNOWN_TYPE
