EMAIL_ADDRESS
NAME_FIRST
NAME_LAST
ADDRESS_HOME_COUNTRY
