UNKNOWN_TYPE
UNKNOWN_TYPE
UNKNOWN_TYPE
UNKNOWN_TYPE
ADDRESS_HOME_COUNTRY
UNKNOWN_TYPE
UNKNOWN_TYPE
ADDRESS_HOME_LINE1
ADDRESS_HOME_STATE
ADDRESS_HOME_COUNTRY
ADDRESS_HOME_ZIP
