NAME_FIRST
NAME_MIDDLE_INITIAL
NAME_LAST
UNKNOWN_TYPE
UNKNOWN_TYPE
ADDRESS_HOME_CITY
ADDRESS_HOME_STATE
ADDRESS_HOME_ZIP
UNKNOWN_TYPE
EMAIL_ADDRESS
