NAME_FIRST
NAME_MIDDLE_INITIAL
NAME_LAST
COMPANY_NAME
ADDRESS_BILLING_LINE1
ADDRESS_BILLING_LINE2
ADDRESS_BILLING_CITY
ADDRESS_BILLING_STATE
ADDRESS_BILLING_ZIP
PHONE_HOME_CITY_CODE
PHONE_HOME_NUMBER
PHONE_HOME_NUMBER
UNKNOWN_TYPE
PHONE_FAX_CITY_CODE
PHONE_FAX_NUMBER
PHONE_FAX_NUMBER
EMAIL_ADDRESS
UNKNOWN_TYPE
CREDIT_CARD_NUMBER
CREDIT_CARD_EXP_MONTH
CREDIT_CARD_EXP_4_DIGIT_YEAR
UNKNOWN_TYPE
NAME_FIRST
NAME_MIDDLE_INITIAL
NAME_LAST
COMPANY_NAME
ADDRESS_HOME_LINE1
ADDRESS_HOME_LINE2
ADDRESS_HOME_CITY
ADDRESS_HOME_STATE
ADDRESS_HOME_ZIP
PHONE_HOME_CITY_CODE
PHONE_HOME_NUMBER
PHONE_HOME_NUMBER
UNKNOWN_TYPE
EMAIL_ADDRESS
EMAIL_ADDRESS
