NAME_FIRST
NAME_MIDDLE_INITIAL
NAME_LAST
EMAIL_ADDRESS
EMAIL_ADDRESS
EMAIL_ADDRESS
EMAIL_ADDRESS
