UNKNOWN_TYPE
UNKNOWN_TYPE
UNKNOWN_TYPE
UNKNOWN_TYPE
UNKNOWN_TYPE
UNKNOWN_TYPE
ADDRESS_HOME_COUNTRY
ADDRESS_HOME_ZIP
EMAIL_ADDRESS
UNKNOWN_TYPE
EMAIL_ADDRESS
UNKNOWN_TYPE
UNKNOWN_TYPE
UNKNOWN_TYPE
UNKNOWN_TYPE
UNKNOWN_TYPE
UNKNOWN_TYPE
UNKNOWN_TYPE
