EMAIL_ADDRESS
EMAIL_ADDRESS
ADDRESS_HOME_ZIP
ADDRESS_HOME_ZIP
UNKNOWN_TYPE
UNKNOWN_TYPE
ADDRESS_HOME_COUNTRY
