NAME_FULL
UNKNOWN_TYPE
EMAIL_ADDRESS
UNKNOWN_TYPE
UNKNOWN_TYPE
UNKNOWN_TYPE
UNKNOWN_TYPE
UNKNOWN_TYPE
ADDRESS_HOME_STATE
ADDRESS_HOME_CITY
UNKNOWN_TYPE
UNKNOWN_TYPE
