UNKNOWN_TYPE
UNKNOWN_TYPE
UNKNOWN_TYPE
UNKNOWN_TYPE
UNKNOWN_TYPE
ADDRESS_HOME_LINE1
ADDRESS_HOME_LINE2
UNKNOWN_TYPE
UNKNOWN_TYPE
NAME_FIRST
NAME_LAST
UNKNOWN_TYPE
