NAME_FIRST
NAME_MIDDLE_INITIAL
NAME_LAST
ADDRESS_HOME_ZIP
ADDRESS_HOME_LINE1
