NAME_FIRST
NAME_LAST
UNKNOWN_TYPE
EMAIL_ADDRESS
UNKNOWN_TYPE
UNKNOWN_TYPE
ADDRESS_HOME_ZIP
UNKNOWN_TYPE
UNKNOWN_TYPE
UNKNOWN_TYPE
UNKNOWN_TYPE
