d
.
current
5
15
18
11

d
..
current
5
15
18
11

-
.message
2007
11
1
0
0

-
README
2007
11
1
0
0

-
index.html
2007
9
28
0
0

d
pub
2008
8
12
0
0
