d
.
2008
9
18
0
0

d
..
2008
9
18
0
0

l
ftp
2007
11
8
0
0

l
mirror
2007
10
12
0
0

l
pub
2008
9
18
0
0

l
site
2007
10
16
0
0

d
vol
2008
7
2
0
0
