UNKNOWN_TYPE
UNKNOWN_TYPE
UNKNOWN_TYPE
UNKNOWN_TYPE
UNKNOWN_TYPE
UNKNOWN_TYPE
ADDRESS_HOME_ZIP
ADDRESS_HOME_STATE
EMAIL_ADDRESS
PHONE_HOME_WHOLE_NUMBER
UNKNOWN_TYPE
