UNKNOWN_TYPE
UNKNOWN_TYPE
UNKNOWN_TYPE
UNKNOWN_TYPE
UNKNOWN_TYPE
UNKNOWN_TYPE
ADDRESS_HOME_ZIP
UNKNOWN_TYPE
EMAIL_ADDRESS
UNKNOWN_TYPE
PHONE_FAX_WHOLE_NUMBER
